QA output created by 679

Verifying ciphertext with parameters:
	contents_encryption_mode: AES-256-XTS
	filenames_encryption_mode: AES-256-HCTR2
	options: v2
